airshipctl is a unified entrypoint to various airship components

Usage:
  airshipctl [command]

Available Commands:
  argo        argo is the command line interface to Argo
  bootstrap   Bootstrap ephemeral Kubernetes cluster
  calico      calico configuration and data viewer
  ceph        ceph configuration and data viewer
  cluster     Control Kubernetes cluster
  completion  Generate autocompletions script for the specified shell (bash or zsh)
  document    manages deployment documents
  helm        The Helm package manager for Kubernetes.
  help        Help about any command
  kubeadm     kubeadm: easily bootstrap a secure Kubernetes cluster
  kubectl     kubectl controls the Kubernetes cluster manager
  openstack   openstack configuration and data viewer
  prometheus  prometheus configuration and data viewer
  version     Show the version number of airshipctl

Flags:
      --debug   enable verbose output
  -h, --help    help for airshipctl

Use "airshipctl [command] --help" for more information about a command.
